// Jest Snapshot v1, https://goo.gl/fbAQLP

exports[`AddChild renders correctly 1`] = `
<DocumentFragment>
  <div
    class="AddChild"
  >
    <form
      class="form-AddChild"
    >
      <p
        class="addChild"
      >
        Add Child
      </p>
      <div
        class="form-field-AddChild"
      >
        <label
          for="title-AddChild"
        >
          Child Name:
          <input
            data-testid="form-title-input-child"
            name="childName"
            placeholder="Your Name Here..."
            type="text"
            value=""
          />
        </label>
      </div>
      <div
        class="form-child-class"
      >
        Class
        <label
          for="child-class"
        >
          <select
            id="schoolClass"
            name="schoolClass"
          >
            <option
              class="1DS"
              value="1DS"
            >
              1DS
            </option>
            <option
              class="1MH"
              value="1MH"
            >
              1MH
            </option>
            <option
              class="2AW"
              value="2AW"
            >
              2AW
            </option>
            <option
              class="2NM"
              value="2NM"
            >
              2NM
            </option>
          </select>
        </label>
      </div>
      <div
        class="form-child-order"
      >
        Order
        <label
          for="child-order"
        >
          <select
            id="foodOption"
            name="foodOption"
          >
            <option
              class="none"
              value="none"
            >
              none
            </option>
            <option
              class="pizza"
              value="pizza"
            >
              pizza
            </option>
            <option
              class="pasta"
              value="pasta"
            >
              pasta
            </option>
            <option
              class="fish"
              value="fish"
            >
              fish
            </option>
            <option
              class="quorn"
              value="quorn"
            >
              quorn
            </option>
          </select>
        </label>
      </div>
      <div
        class="form-allergens"
      >
        Allergies
        <label
          for="allergies"
        >
          <select
            id="allergies"
            name="allergies"
          >
            <option
              class="none"
              value="none"
            >
              none
            </option>
            <option
              class="dairy"
              value="dairy"
            >
              dairy
            </option>
            <option
              class="wheat"
              value="wheat"
            >
              wheat
            </option>
            <option
              class="nuts"
              value="nuts"
            >
              nuts
            </option>
            <option
              class="fish"
              value="fish"
            >
              fish
            </option>
          </select>
        </label>
      </div>
      <button
        class="form-button-child"
        data-testid="form-button-child"
        type="submit"
      >
        Add
      </button>
    </form>
  </div>
</DocumentFragment>
`;
