// Jest Snapshot v1, https://goo.gl/fbAQLP

exports[`TeacherView renders correctly 1`] = `
<DocumentFragment>
  <div
    class="TeacherView"
  >
    <p
      class="order-message"
    >
      You are ordering dinners for⠀
    </p>
    <p
      class="tomorrow"
    >
      Thursday, July 29th 2021!
    </p>
    <form
      class="order-form"
    >
      <table
        class="table table-responsive"
      >
        <thead>
          <tr>
            <th
              class="schoolclass"
              name="childName"
            >
              1DS
            </th>
            <th
              name="pizza"
            >
              <img
                alt="pizza"
                class="foodicon pizza meat"
                src="pizza.png"
              />
              Pizza
            </th>
            <th
              name="pasta"
            >
              <img
                alt="pasta"
                class="foodicon pasta veg"
                src="pasta.png"
              />
              Pasta
            </th>
            <th
              name="fish"
            >
              <img
                alt="fish"
                class="foodicon pizza fish"
                src="fish.png"
              />
              Fish and Chips
            </th>
            <th
              name="quorn"
            >
              <img
                alt="curry"
                class="foodicon pizza veg"
                src="curry.png"
              />
              Quorn Curry
            </th>
            <th
              name="noDinner"
            >
              <img
                alt="noDinner"
                class="foodicon noDinner"
                src="nodinner.png"
              />
              Dinner not needed
            </th>
          </tr>
        </thead>
        <tbody>
          <tr
            class="childRow"
          >
            <td>
              <div
                class="radiotext"
              >
                <label
                  for="childName"
                >
                  Dean Spooner
                </label>
              </div>
            </td>
            <td>
              <input
                for="pizza"
                name="child1"
                title="pizza"
                type="radio"
              />
            </td>
            <td>
              <input
                for="pasta"
                name="child1"
                title="pasta"
                type="radio"
              />
            </td>
            <td>
              <input
                for="fish"
                name="child1"
                title="fish"
                type="radio"
              />
            </td>
            <td>
              <input
                for="quorn"
                name="child1"
                title="quorn"
                type="radio"
              />
            </td>
            <td>
              <input
                for="noDinner"
                name="child1"
                required=""
                title="noDinner"
                type="radio"
              />
            </td>
          </tr>
          <tr
            class="childRow"
          >
            <td>
              <div
                class="radiotext"
              >
                <label
                  for="childName"
                >
                  Matt Holmes
                </label>
              </div>
            </td>
            <td>
              <input
                for="pizza"
                name="child2"
                title="pizza"
                type="radio"
              />
            </td>
            <td>
              <input
                for="pasta"
                name="child2"
                title="pasta"
                type="radio"
              />
            </td>
            <td>
              <input
                for="fish"
                name="child2"
                title="fish"
                type="radio"
              />
            </td>
            <td>
              <input
                for="quorn"
                name="child2"
                title="quorn"
                type="radio"
              />
            </td>
            <td>
              <input
                for="noDinner"
                name="child2"
                required=""
                title="noDinner"
                type="radio"
              />
            </td>
          </tr>
          <tr
            class="childRow"
          >
            <td>
              <div
                class="radiotext"
              >
                <label
                  for="childName"
                >
                  Alex White
                </label>
              </div>
            </td>
            <td>
              <input
                for="pizza"
                name="child3"
                title="pizza"
                type="radio"
              />
            </td>
            <td>
              <input
                for="pasta"
                name="child3"
                title="pasta"
                type="radio"
              />
            </td>
            <td>
              <input
                for="fish"
                name="child3"
                title="fish"
                type="radio"
              />
            </td>
            <td>
              <input
                for="quorn"
                name="child3"
                title="quorn"
                type="radio"
              />
            </td>
            <td>
              <input
                for="noDinner"
                name="child3"
                required=""
                title="noDinner"
                type="radio"
              />
            </td>
          </tr>
          <tr
            class="childRow"
          >
            <td>
              <div
                class="radiotext"
              >
                <label
                  for="childName"
                >
                  Nathan Mayall
                </label>
              </div>
            </td>
            <td>
              <input
                for="pizza"
                name="child4"
                title="pizza"
                type="radio"
              />
            </td>
            <td>
              <input
                for="pasta"
                name="child4"
                title="pasta"
                type="radio"
              />
            </td>
            <td>
              <input
                for="fish"
                name="child4"
                title="fish"
                type="radio"
              />
            </td>
            <td>
              <input
                for="quorn"
                name="child4"
                title="quorn"
                type="radio"
              />
            </td>
            <td>
              <input
                for="noDinner"
                name="child4"
                required=""
                title="noDinner"
                type="radio"
              />
            </td>
          </tr>
        </tbody>
      </table>
      <button
        class="order-form-button"
        type="submit"
      >
        Done!
      </button>
    </form>
  </div>
</DocumentFragment>
`;
